     1                                  ; fib.asm — Fibonacci sequence via DOS INT 21h
     2                                  ; Assembles to a .COM file (org 0x100)
     3                                  ; Prints: Fibonacci: 0 1 1 2 3 5 8 13 21 34 55 89 144
     4                                  
     5                                  org 0x100
     6                                  
     7                                  start:
     8                                      ; Print header
     9 00000000 BE[6E00]                    mov si, header
    10 00000003 E85A00                      call print_string
    11                                  
    12                                      ; Initialize: prev=0, curr=1, count=13
    13 00000006 31DB                        xor bx, bx          ; BX = prev = 0
    14 00000008 B90100                      mov cx, 1            ; CX = curr = 1
    15 0000000B C606[7A00]0D                mov byte [count], 13
    16                                  
    17                                      ; Print first number (0)
    18 00000010 89D8                        mov ax, bx
    19 00000012 E82300                      call print_number
    20 00000015 E84100                      call print_space
    21                                  
    22                                  .loop:
    23                                      ; Print current number
    24 00000018 89C8                        mov ax, cx
    25 0000001A E81B00                      call print_number
    26 0000001D E83900                      call print_space
    27                                  
    28                                      ; Compute next = prev + curr
    29 00000020 89D8                        mov ax, bx
    30 00000022 01C8                        add ax, cx
    31                                      ; Shift: prev = curr, curr = next
    32 00000024 89CB                        mov bx, cx
    33 00000026 89C1                        mov cx, ax
    34                                  
    35 00000028 FE0E[7A00]                  dec byte [count]
    36 0000002C 75EA                        jnz .loop
    37                                  
    38                                      ; Print newline and exit
    39 0000002E B20A                        mov dl, 10
    40 00000030 B402                        mov ah, 02h
    41 00000032 CD21                        int 21h
    42                                  
    43 00000034 B44C                        mov ah, 4Ch
    44 00000036 CD21                        int 21h
    45                                  
    46                                  ; --- print_number: print AX as unsigned decimal ---
    47                                  print_number:
    48 00000038 53                          push bx
    49 00000039 51                          push cx
    50 0000003A 52                          push dx
    51 0000003B B90000                      mov cx, 0            ; digit count
    52 0000003E BB0A00                      mov bx, 10
    53                                  
    54                                  .divide:
    55 00000041 31D2                        xor dx, dx
    56 00000043 F7F3                        div bx               ; AX = AX/10, DX = AX%10
    57 00000045 52                          push dx              ; save digit
    58 00000046 41                          inc cx
    59 00000047 85C0                        test ax, ax
    60 00000049 75F6                        jnz .divide
    61                                  
    62                                  .print_digits:
    63 0000004B 5A                          pop dx
    64 0000004C 80C230                      add dl, '0'
    65 0000004F B402                        mov ah, 02h
    66 00000051 CD21                        int 21h
    67 00000053 E2F6                        loop .print_digits
    68                                  
    69 00000055 5A                          pop dx
    70 00000056 59                          pop cx
    71 00000057 5B                          pop bx
    72 00000058 C3                          ret
    73                                  
    74                                  ; --- print_space: print a space ---
    75                                  print_space:
    76 00000059 B220                        mov dl, ' '
    77 0000005B B402                        mov ah, 02h
    78 0000005D CD21                        int 21h
    79 0000005F C3                          ret
    80                                  
    81                                  ; --- print_string: print null-terminated string at SI ---
    82                                  print_string:
    83 00000060 AC                          lodsb
    84 00000061 84C0                        test al, al
    85 00000063 7408                        jz .done
    86 00000065 88C2                        mov dl, al
    87 00000067 B402                        mov ah, 02h
    88 00000069 CD21                        int 21h
    89 0000006B EBF3                        jmp print_string
    90                                  .done:
    91 0000006D C3                          ret
    92                                  
    93                                  ; --- data ---
    94 0000006E 4669626F6E61636369-     header: db 'Fibonacci: ', 0
    94 00000077 3A2000             
    95 0000007A 00                      count:  db 0
